0 verbose cli /usr/local/bin/node /usr/local/bin/npm
1 info using npm@10.9.3
2 info using node@v22.18.0
3 silly config load:file:/usr/local/lib/node_modules/npm/npmrc
4 silly config load:file:/Users/jeongjuhui/Downloads/ai-helper/ai-homework-helper-backend/.npmrc
5 silly config load:file:/Users/jeongjuhui/.npmrc
6 silly config load:file:/usr/local/etc/npmrc
7 verbose title npm start
8 verbose argv "start"
9 verbose logfile logs-max:10 dir:/Users/jeongjuhui/Downloads/ai-helper/ai-homework-helper-backend/.npm-cache/_logs/2025-08-17T02_30_09_305Z-
10 verbose logfile /Users/jeongjuhui/Downloads/ai-helper/ai-homework-helper-backend/.npm-cache/_logs/2025-08-17T02_30_09_305Z-debug-0.log
11 silly logfile start cleaning logs, removing 1 files
12 silly logfile done cleaning log files
13 http fetch GET 200 https://registry.npmjs.org/npm 164ms
14 verbose cwd /Users/jeongjuhui/Downloads/ai-helper/ai-homework-helper-backend
15 verbose os Darwin 23.6.0
16 verbose node v22.18.0
17 verbose npm  v10.9.3
18 notice
18 notice New major version of npm available! 10.9.3 -> 11.5.2
18 notice Changelog: https://github.com/npm/cli/releases/tag/v11.5.2
18 notice To update run: npm install -g npm@11.5.2
18 notice  { force: true, [Symbol(proc-log.meta)]: true }
19 verbose exit 1
20 verbose code 1
