0 verbose cli /usr/local/bin/node /usr/local/bin/npm
1 info using npm@10.9.3
2 info using node@v22.18.0
3 silly config load:file:/usr/local/lib/node_modules/npm/npmrc
4 silly config load:file:/Users/jeongjuhui/Downloads/ai-helper/ai-homework-helper-backend/.npmrc
5 silly config load:file:/Users/jeongjuhui/.npmrc
6 silly config load:file:/usr/local/etc/npmrc
7 verbose title npm install mongoose
8 verbose argv "install" "mongoose"
9 verbose logfile logs-max:10 dir:/Users/jeongjuhui/Downloads/ai-helper/ai-homework-helper-backend/.npm-cache/_logs/2025-08-22T10_06_58_966Z-
10 verbose logfile /Users/jeongjuhui/Downloads/ai-helper/ai-homework-helper-backend/.npm-cache/_logs/2025-08-22T10_06_58_966Z-debug-0.log
11 silly logfile start cleaning logs, removing 1 files
12 silly packumentCache heap:4345298944 maxSize:1086324736 maxEntrySize:543162368
13 silly logfile done cleaning log files
14 silly idealTree buildDeps
15 silly fetch manifest mongoose@*
16 silly packumentCache full:https://registry.npmjs.org/mongoose cache-miss
17 http fetch GET 200 https://registry.npmjs.org/mongoose 762ms (cache miss)
18 silly packumentCache full:https://registry.npmjs.org/mongoose set size:undefined disposed:false
19 silly placeDep ROOT mongoose@8.17.2 OK for: ai-homework-helper-backend@1.0.0 want: *
20 silly fetch manifest bson@^6.10.4
21 silly packumentCache full:https://registry.npmjs.org/bson cache-miss
22 silly fetch manifest kareem@2.6.3
23 silly packumentCache full:https://registry.npmjs.org/kareem cache-miss
24 silly fetch manifest mongodb@~6.18.0
25 silly packumentCache full:https://registry.npmjs.org/mongodb cache-miss
26 silly fetch manifest mpath@0.9.0
27 silly packumentCache full:https://registry.npmjs.org/mpath cache-miss
28 silly fetch manifest mquery@5.0.0
29 silly packumentCache full:https://registry.npmjs.org/mquery cache-miss
30 silly fetch manifest sift@17.1.3
31 silly packumentCache full:https://registry.npmjs.org/sift cache-miss
32 http fetch GET 200 https://registry.npmjs.org/bson 107ms (cache miss)
33 silly packumentCache full:https://registry.npmjs.org/bson set size:undefined disposed:false
34 http fetch GET 200 https://registry.npmjs.org/sift 169ms (cache miss)
35 silly packumentCache full:https://registry.npmjs.org/sift set size:undefined disposed:false
36 http fetch GET 200 https://registry.npmjs.org/mongodb 191ms (cache miss)
37 silly packumentCache full:https://registry.npmjs.org/mongodb set size:undefined disposed:false
38 http fetch GET 200 https://registry.npmjs.org/mpath 561ms (cache miss)
39 silly packumentCache full:https://registry.npmjs.org/mpath set size:undefined disposed:false
40 http fetch GET 200 https://registry.npmjs.org/kareem 589ms (cache miss)
41 silly packumentCache full:https://registry.npmjs.org/kareem set size:undefined disposed:false
42 http fetch GET 200 https://registry.npmjs.org/mquery 615ms (cache miss)
43 silly packumentCache full:https://registry.npmjs.org/mquery set size:undefined disposed:false
44 silly fetch manifest @aws-sdk/credential-providers@^3.188.0
45 silly packumentCache full:https://registry.npmjs.org/@aws-sdk%2fcredential-providers cache-miss
46 http fetch GET 200 https://registry.npmjs.org/@aws-sdk%2fcredential-providers 625ms (cache miss)
47 silly packumentCache full:https://registry.npmjs.org/@aws-sdk%2fcredential-providers set size:undefined disposed:false
48 silly fetch manifest @mongodb-js/zstd@^1.1.0 || ^2.0.0
49 silly packumentCache full:https://registry.npmjs.org/@mongodb-js%2fzstd cache-miss
50 http fetch GET 200 https://registry.npmjs.org/@mongodb-js%2fzstd 187ms (cache miss)
51 silly packumentCache full:https://registry.npmjs.org/@mongodb-js%2fzstd set size:undefined disposed:false
52 silly fetch manifest gcp-metadata@^5.2.0
53 silly packumentCache full:https://registry.npmjs.org/gcp-metadata cache-miss
54 http fetch GET 200 https://registry.npmjs.org/gcp-metadata 69ms (cache miss)
55 silly packumentCache full:https://registry.npmjs.org/gcp-metadata set size:undefined disposed:false
56 silly fetch manifest kerberos@^2.0.1
57 silly packumentCache full:https://registry.npmjs.org/kerberos cache-miss
58 http fetch GET 200 https://registry.npmjs.org/kerberos 106ms (cache miss)
59 silly packumentCache full:https://registry.npmjs.org/kerberos set size:undefined disposed:false
60 silly fetch manifest mongodb-client-encryption@>=6.0.0 <7
61 silly packumentCache full:https://registry.npmjs.org/mongodb-client-encryption cache-miss
62 http fetch GET 200 https://registry.npmjs.org/mongodb-client-encryption 161ms (cache miss)
63 silly packumentCache full:https://registry.npmjs.org/mongodb-client-encryption set size:undefined disposed:false
64 silly fetch manifest snappy@^7.2.2
65 silly packumentCache full:https://registry.npmjs.org/snappy cache-miss
66 http fetch GET 200 https://registry.npmjs.org/snappy 109ms (cache miss)
67 silly packumentCache full:https://registry.npmjs.org/snappy set size:undefined disposed:false
68 silly fetch manifest socks@^2.7.1
69 silly packumentCache full:https://registry.npmjs.org/socks cache-miss
70 http fetch GET 200 https://registry.npmjs.org/socks 77ms (cache miss)
71 silly packumentCache full:https://registry.npmjs.org/socks set size:undefined disposed:false
72 silly placeDep ROOT bson@6.10.4 OK for: mongoose@8.17.2 want: ^6.10.4
73 silly placeDep ROOT kareem@2.6.3 OK for: mongoose@8.17.2 want: 2.6.3
74 silly placeDep ROOT mongodb@6.18.0 OK for: mongoose@8.17.2 want: ~6.18.0
75 silly placeDep ROOT mpath@0.9.0 OK for: mongoose@8.17.2 want: 0.9.0
76 silly placeDep ROOT mquery@5.0.0 OK for: mongoose@8.17.2 want: 5.0.0
77 silly placeDep ROOT sift@17.1.3 OK for: mongoose@8.17.2 want: 17.1.3
78 silly fetch manifest @mongodb-js/saslprep@^1.1.9
79 silly packumentCache full:https://registry.npmjs.org/@mongodb-js%2fsaslprep cache-miss
80 silly fetch manifest mongodb-connection-string-url@^3.0.0
81 silly packumentCache full:https://registry.npmjs.org/mongodb-connection-string-url cache-miss
82 http fetch GET 200 https://registry.npmjs.org/mongodb-connection-string-url 70ms (cache miss)
83 silly packumentCache full:https://registry.npmjs.org/mongodb-connection-string-url set size:undefined disposed:false
84 http fetch GET 200 https://registry.npmjs.org/@mongodb-js%2fsaslprep 121ms (cache miss)
85 silly packumentCache full:https://registry.npmjs.org/@mongodb-js%2fsaslprep set size:undefined disposed:false
86 silly placeDep ROOT @mongodb-js/saslprep@1.3.0 OK for: mongodb@6.18.0 want: ^1.1.9
87 silly placeDep ROOT mongodb-connection-string-url@3.0.2 OK for: mongodb@6.18.0 want: ^3.0.0
88 silly fetch manifest sparse-bitfield@^3.0.3
89 silly packumentCache full:https://registry.npmjs.org/sparse-bitfield cache-miss
90 silly fetch manifest whatwg-url@^14.1.0 || ^13.0.0
91 silly packumentCache full:https://registry.npmjs.org/whatwg-url cache-miss
92 silly fetch manifest @types/whatwg-url@^11.0.2
93 silly packumentCache full:https://registry.npmjs.org/@types%2fwhatwg-url cache-miss
94 http fetch GET 200 https://registry.npmjs.org/whatwg-url 47ms (cache miss)
95 silly packumentCache full:https://registry.npmjs.org/whatwg-url set size:undefined disposed:false
96 http fetch GET 200 https://registry.npmjs.org/@types%2fwhatwg-url 67ms (cache miss)
97 silly packumentCache full:https://registry.npmjs.org/@types%2fwhatwg-url set size:undefined disposed:false
98 http fetch GET 200 https://registry.npmjs.org/sparse-bitfield 69ms (cache miss)
99 silly packumentCache full:https://registry.npmjs.org/sparse-bitfield set size:undefined disposed:false
100 silly placeDep ROOT sparse-bitfield@3.0.3 OK for: @mongodb-js/saslprep@1.3.0 want: ^3.0.3
101 silly fetch manifest memory-pager@^1.0.2
102 silly packumentCache full:https://registry.npmjs.org/memory-pager cache-miss
103 http fetch GET 200 https://registry.npmjs.org/memory-pager 67ms (cache miss)
104 silly packumentCache full:https://registry.npmjs.org/memory-pager set size:undefined disposed:false
105 silly placeDep ROOT @types/whatwg-url@11.0.5 OK for: mongodb-connection-string-url@3.0.2 want: ^11.0.2
106 silly placeDep ROOT whatwg-url@14.2.0 OK for: mongodb-connection-string-url@3.0.2 want: ^14.1.0 || ^13.0.0
107 silly fetch manifest @types/webidl-conversions@*
108 silly packumentCache full:https://registry.npmjs.org/@types%2fwebidl-conversions cache-miss
109 silly fetch manifest tr46@^5.1.0
110 silly packumentCache full:https://registry.npmjs.org/tr46 cache-miss
111 silly fetch manifest webidl-conversions@^7.0.0
112 silly packumentCache full:https://registry.npmjs.org/webidl-conversions cache-miss
113 http fetch GET 200 https://registry.npmjs.org/tr46 67ms (cache miss)
114 silly packumentCache full:https://registry.npmjs.org/tr46 set size:undefined disposed:false
115 http fetch GET 200 https://registry.npmjs.org/webidl-conversions 86ms (cache miss)
116 silly packumentCache full:https://registry.npmjs.org/webidl-conversions set size:undefined disposed:false
117 http fetch GET 200 https://registry.npmjs.org/@types%2fwebidl-conversions 100ms (cache miss)
118 silly packumentCache full:https://registry.npmjs.org/@types%2fwebidl-conversions set size:undefined disposed:false
119 silly placeDep ROOT @types/webidl-conversions@7.0.3 OK for: @types/whatwg-url@11.0.5 want: *
120 silly placeDep ROOT memory-pager@1.5.0 OK for: sparse-bitfield@3.0.3 want: ^1.0.2
121 silly placeDep ROOT tr46@5.1.1 OK for: whatwg-url@14.2.0 want: ^5.1.0
122 silly placeDep ROOT webidl-conversions@7.0.0 OK for: whatwg-url@14.2.0 want: ^7.0.0
123 silly fetch manifest punycode@^2.3.1
124 silly packumentCache full:https://registry.npmjs.org/punycode cache-miss
125 http fetch GET 200 https://registry.npmjs.org/punycode 57ms (cache miss)
126 silly packumentCache full:https://registry.npmjs.org/punycode set size:undefined disposed:false
127 silly placeDep ROOT punycode@2.3.1 OK for: tr46@5.1.1 want: ^2.3.1
128 silly reify moves {}
129 silly audit bulk request {
129 silly audit   '@google/generative-ai': [ '0.24.1' ],
129 silly audit   accepts: [ '2.0.0' ],
129 silly audit   anymatch: [ '3.1.3' ],
129 silly audit   'balanced-match': [ '1.0.2' ],
129 silly audit   bcryptjs: [ '3.0.2' ],
129 silly audit   'binary-extensions': [ '2.3.0' ],
129 silly audit   'body-parser': [ '2.2.0' ],
129 silly audit   'brace-expansion': [ '1.1.12' ],
129 silly audit   braces: [ '3.0.3' ],
129 silly audit   'buffer-equal-constant-time': [ '1.0.1' ],
129 silly audit   bytes: [ '3.1.2' ],
129 silly audit   'call-bind-apply-helpers': [ '1.0.2' ],
129 silly audit   'call-bound': [ '1.0.4' ],
129 silly audit   chokidar: [ '3.6.0' ],
129 silly audit   'concat-map': [ '0.0.1' ],
129 silly audit   'content-disposition': [ '1.0.0' ],
129 silly audit   'content-type': [ '1.0.5' ],
129 silly audit   cookie: [ '0.7.2' ],
129 silly audit   'cookie-signature': [ '1.2.2' ],
129 silly audit   cors: [ '2.8.5' ],
129 silly audit   debug: [ '4.4.1' ],
129 silly audit   depd: [ '2.0.0' ],
129 silly audit   dotenv: [ '17.2.1' ],
129 silly audit   'dunder-proto': [ '1.0.1' ],
129 silly audit   'ecdsa-sig-formatter': [ '1.0.11' ],
129 silly audit   'ee-first': [ '1.1.1' ],
129 silly audit   encodeurl: [ '2.0.0' ],
129 silly audit   'es-define-property': [ '1.0.1' ],
129 silly audit   'es-errors': [ '1.3.0' ],
129 silly audit   'es-object-atoms': [ '1.1.1' ],
129 silly audit   'escape-html': [ '1.0.3' ],
129 silly audit   etag: [ '1.8.1' ],
129 silly audit   express: [ '5.1.0' ],
129 silly audit   'fill-range': [ '7.1.1' ],
129 silly audit   finalhandler: [ '2.1.0' ],
129 silly audit   forwarded: [ '0.2.0' ],
129 silly audit   fresh: [ '2.0.0' ],
129 silly audit   fsevents: [ '2.3.3' ],
129 silly audit   'function-bind': [ '1.1.2' ],
129 silly audit   'get-intrinsic': [ '1.3.0' ],
129 silly audit   'get-proto': [ '1.0.1' ],
129 silly audit   'glob-parent': [ '5.1.2' ],
129 silly audit   gopd: [ '1.2.0' ],
129 silly audit   'has-flag': [ '3.0.0' ],
129 silly audit   'has-symbols': [ '1.1.0' ],
129 silly audit   hasown: [ '2.0.2' ],
129 silly audit   'http-errors': [ '2.0.0' ],
129 silly audit   statuses: [ '2.0.1', '2.0.2' ],
129 silly audit   'iconv-lite': [ '0.6.3' ],
129 silly audit   'ignore-by-default': [ '1.0.1' ],
129 silly audit   inherits: [ '2.0.4' ],
129 silly audit   'ipaddr.js': [ '1.9.1' ],
129 silly audit   'is-binary-path': [ '2.1.0' ],
129 silly audit   'is-extglob': [ '2.1.1' ],
129 silly audit   'is-glob': [ '4.0.3' ],
129 silly audit   'is-number': [ '7.0.0' ],
129 silly audit   'is-promise': [ '4.0.0' ],
129 silly audit   jsonwebtoken: [ '9.0.2' ],
129 silly audit   jwa: [ '1.4.2' ],
129 silly audit   jws: [ '3.2.2' ],
129 silly audit   'lodash.includes': [ '4.3.0' ],
129 silly audit   'lodash.isboolean': [ '3.0.3' ],
129 silly audit   'lodash.isinteger': [ '4.0.4' ],
129 silly audit   'lodash.isnumber': [ '3.0.3' ],
129 silly audit   'lodash.isplainobject': [ '4.0.6' ],
129 silly audit   'lodash.isstring': [ '4.0.1' ],
129 silly audit   'lodash.once': [ '4.1.1' ],
129 silly audit   'math-intrinsics': [ '1.1.0' ],
129 silly audit   'media-typer': [ '1.1.0' ],
129 silly audit   'merge-descriptors': [ '2.0.0' ],
129 silly audit   'mime-db': [ '1.54.0' ],
129 silly audit   'mime-types': [ '3.0.1' ],
129 silly audit   minimatch: [ '3.1.2' ],
129 silly audit   ms: [ '2.1.3' ],
129 silly audit   negotiator: [ '1.0.0' ],
129 silly audit   nodemon: [ '3.1.10' ],
129 silly audit   'normalize-path': [ '3.0.0' ],
129 silly audit   'object-assign': [ '4.1.1' ],
129 silly audit   'object-inspect': [ '1.13.4' ],
129 silly audit   'on-finished': [ '2.4.1' ],
129 silly audit   once: [ '1.4.0' ],
129 silly audit   parseurl: [ '1.3.3' ],
129 silly audit   'path-to-regexp': [ '8.2.0' ],
129 silly audit   picomatch: [ '2.3.1' ],
129 silly audit   'proxy-addr': [ '2.0.7' ],
129 silly audit   'pstree.remy': [ '1.1.8' ],
129 silly audit   qs: [ '6.14.0' ],
129 silly audit   'range-parser': [ '1.2.1' ],
129 silly audit   'raw-body': [ '3.0.0' ],
129 silly audit   readdirp: [ '3.6.0' ],
129 silly audit   router: [ '2.2.0' ],
129 silly audit   'safe-buffer': [ '5.2.1' ],
129 silly audit   'safer-buffer': [ '2.1.2' ],
129 silly audit   semver: [ '7.7.2' ],
129 silly audit   send: [ '1.2.0' ],
129 silly audit   'serve-static': [ '2.2.0' ],
129 silly audit   setprototypeof: [ '1.2.0' ],
129 silly audit   'side-channel': [ '1.1.0' ],
129 silly audit   'side-channel-list': [ '1.0.0' ],
129 silly audit   'side-channel-map': [ '1.0.1' ],
129 silly audit   'side-channel-weakmap': [ '1.0.2' ],
129 silly audit   'simple-update-notifier': [ '2.0.0' ],
129 silly audit   'supports-color': [ '5.5.0' ],
129 silly audit   'to-regex-range': [ '5.0.1' ],
129 silly audit   toidentifier: [ '1.0.1' ],
129 silly audit   touch: [ '3.1.1' ],
129 silly audit   'type-is': [ '2.0.1' ],
129 silly audit   undefsafe: [ '2.0.5' ],
129 silly audit   unpipe: [ '1.0.0' ],
129 silly audit   vary: [ '1.1.2' ],
129 silly audit   wrappy: [ '1.0.2' ],
129 silly audit   mongoose: [ '8.17.2' ],
129 silly audit   bson: [ '6.10.4' ],
129 silly audit   kareem: [ '2.6.3' ],
129 silly audit   mongodb: [ '6.18.0' ],
129 silly audit   mpath: [ '0.9.0' ],
129 silly audit   mquery: [ '5.0.0' ],
129 silly audit   sift: [ '17.1.3' ],
129 silly audit   '@mongodb-js/saslprep': [ '1.3.0' ],
129 silly audit   'mongodb-connection-string-url': [ '3.0.2' ],
129 silly audit   'sparse-bitfield': [ '3.0.3' ],
129 silly audit   '@types/whatwg-url': [ '11.0.5' ],
129 silly audit   'whatwg-url': [ '14.2.0' ],
129 silly audit   '@types/webidl-conversions': [ '7.0.3' ],
129 silly audit   'memory-pager': [ '1.5.0' ],
129 silly audit   tr46: [ '5.1.1' ],
129 silly audit   'webidl-conversions': [ '7.0.0' ],
129 silly audit   punycode: [ '2.3.1' ]
129 silly audit }
130 http cache punycode@https://registry.npmjs.org/punycode/-/punycode-2.3.1.tgz 0ms (cache hit)
131 http cache webidl-conversions@https://registry.npmjs.org/webidl-conversions/-/webidl-conversions-7.0.0.tgz 0ms (cache hit)
132 http cache tr46@https://registry.npmjs.org/tr46/-/tr46-5.1.1.tgz 0ms (cache hit)
133 http cache @types/webidl-conversions@https://registry.npmjs.org/@types/webidl-conversions/-/webidl-conversions-7.0.3.tgz 0ms (cache hit)
134 http cache whatwg-url@https://registry.npmjs.org/whatwg-url/-/whatwg-url-14.2.0.tgz 0ms (cache hit)
135 http cache @types/whatwg-url@https://registry.npmjs.org/@types/whatwg-url/-/whatwg-url-11.0.5.tgz 0ms (cache hit)
136 http cache sparse-bitfield@https://registry.npmjs.org/sparse-bitfield/-/sparse-bitfield-3.0.3.tgz 0ms (cache hit)
137 http cache memory-pager@https://registry.npmjs.org/memory-pager/-/memory-pager-1.5.0.tgz 0ms (cache hit)
138 http cache mongodb-connection-string-url@https://registry.npmjs.org/mongodb-connection-string-url/-/mongodb-connection-string-url-3.0.2.tgz 0ms (cache hit)
139 http cache @mongodb-js/saslprep@https://registry.npmjs.org/@mongodb-js/saslprep/-/saslprep-1.3.0.tgz 0ms (cache hit)
140 http cache sift@https://registry.npmjs.org/sift/-/sift-17.1.3.tgz 0ms (cache hit)
141 http cache mpath@https://registry.npmjs.org/mpath/-/mpath-0.9.0.tgz 0ms (cache hit)
142 http cache mquery@https://registry.npmjs.org/mquery/-/mquery-5.0.0.tgz 0ms (cache hit)
143 http cache mongodb@https://registry.npmjs.org/mongodb/-/mongodb-6.18.0.tgz 0ms (cache hit)
144 http cache kareem@https://registry.npmjs.org/kareem/-/kareem-2.6.3.tgz 0ms (cache hit)
145 http cache bson@https://registry.npmjs.org/bson/-/bson-6.10.4.tgz 0ms (cache hit)
146 http cache mongoose@https://registry.npmjs.org/mongoose/-/mongoose-8.17.2.tgz 0ms (cache hit)
147 silly tarball no local data for punycode@https://registry.npmjs.org/punycode/-/punycode-2.3.1.tgz. Extracting by manifest.
148 silly tarball no local data for webidl-conversions@https://registry.npmjs.org/webidl-conversions/-/webidl-conversions-7.0.0.tgz. Extracting by manifest.
149 silly tarball no local data for tr46@https://registry.npmjs.org/tr46/-/tr46-5.1.1.tgz. Extracting by manifest.
150 silly tarball no local data for whatwg-url@https://registry.npmjs.org/whatwg-url/-/whatwg-url-14.2.0.tgz. Extracting by manifest.
151 silly tarball no local data for @types/whatwg-url@https://registry.npmjs.org/@types/whatwg-url/-/whatwg-url-11.0.5.tgz. Extracting by manifest.
152 silly tarball no local data for sparse-bitfield@https://registry.npmjs.org/sparse-bitfield/-/sparse-bitfield-3.0.3.tgz. Extracting by manifest.
153 silly tarball no local data for @types/webidl-conversions@https://registry.npmjs.org/@types/webidl-conversions/-/webidl-conversions-7.0.3.tgz. Extracting by manifest.
154 silly tarball no local data for memory-pager@https://registry.npmjs.org/memory-pager/-/memory-pager-1.5.0.tgz. Extracting by manifest.
155 silly tarball no local data for @mongodb-js/saslprep@https://registry.npmjs.org/@mongodb-js/saslprep/-/saslprep-1.3.0.tgz. Extracting by manifest.
156 silly tarball no local data for mpath@https://registry.npmjs.org/mpath/-/mpath-0.9.0.tgz. Extracting by manifest.
157 silly tarball no local data for sift@https://registry.npmjs.org/sift/-/sift-17.1.3.tgz. Extracting by manifest.
158 silly tarball no local data for mquery@https://registry.npmjs.org/mquery/-/mquery-5.0.0.tgz. Extracting by manifest.
159 silly tarball no local data for mongodb@https://registry.npmjs.org/mongodb/-/mongodb-6.18.0.tgz. Extracting by manifest.
160 silly tarball no local data for kareem@https://registry.npmjs.org/kareem/-/kareem-2.6.3.tgz. Extracting by manifest.
161 silly tarball no local data for mongoose@https://registry.npmjs.org/mongoose/-/mongoose-8.17.2.tgz. Extracting by manifest.
162 silly tarball no local data for mongodb-connection-string-url@https://registry.npmjs.org/mongodb-connection-string-url/-/mongodb-connection-string-url-3.0.2.tgz. Extracting by manifest.
163 silly tarball no local data for bson@https://registry.npmjs.org/bson/-/bson-6.10.4.tgz. Extracting by manifest.
164 http fetch GET 200 https://registry.npmjs.org/webidl-conversions/-/webidl-conversions-7.0.0.tgz 68ms (cache miss)
165 http fetch GET 200 https://registry.npmjs.org/tr46/-/tr46-5.1.1.tgz 70ms (cache miss)
166 http fetch GET 200 https://registry.npmjs.org/@types/whatwg-url/-/whatwg-url-11.0.5.tgz 71ms (cache miss)
167 http fetch GET 200 https://registry.npmjs.org/whatwg-url/-/whatwg-url-14.2.0.tgz 71ms (cache miss)
168 http fetch GET 200 https://registry.npmjs.org/punycode/-/punycode-2.3.1.tgz 93ms (cache miss)
169 http fetch GET 200 https://registry.npmjs.org/mongodb-connection-string-url/-/mongodb-connection-string-url-3.0.2.tgz 90ms (cache miss)
170 http fetch GET 200 https://registry.npmjs.org/kareem/-/kareem-2.6.3.tgz 115ms (cache miss)
171 http fetch GET 200 https://registry.npmjs.org/sparse-bitfield/-/sparse-bitfield-3.0.3.tgz 156ms (cache miss)
172 http fetch GET 200 https://registry.npmjs.org/mpath/-/mpath-0.9.0.tgz 178ms (cache miss)
173 http fetch GET 200 https://registry.npmjs.org/memory-pager/-/memory-pager-1.5.0.tgz 180ms (cache miss)
174 http fetch GET 200 https://registry.npmjs.org/mquery/-/mquery-5.0.0.tgz 181ms (cache miss)
175 http fetch GET 200 https://registry.npmjs.org/@types/webidl-conversions/-/webidl-conversions-7.0.3.tgz 185ms (cache miss)
176 http fetch GET 200 https://registry.npmjs.org/@mongodb-js/saslprep/-/saslprep-1.3.0.tgz 187ms (cache miss)
177 http fetch POST 200 https://registry.npmjs.org/-/npm/v1/security/advisories/bulk 225ms
178 silly audit report {}
179 http fetch GET 200 https://registry.npmjs.org/sift/-/sift-17.1.3.tgz 221ms (cache miss)
180 http fetch GET 200 https://registry.npmjs.org/bson/-/bson-6.10.4.tgz 232ms (cache miss)
181 http fetch GET 200 https://registry.npmjs.org/mongoose/-/mongoose-8.17.2.tgz 245ms (cache miss)
182 http fetch GET 200 https://registry.npmjs.org/mongodb/-/mongodb-6.18.0.tgz 297ms (cache miss)
183 silly ADD node_modules/punycode
184 silly ADD node_modules/webidl-conversions
185 silly ADD node_modules/tr46
186 silly ADD node_modules/memory-pager
187 silly ADD node_modules/@types/webidl-conversions
188 silly ADD node_modules/whatwg-url
189 silly ADD node_modules/@types/whatwg-url
190 silly ADD node_modules/sparse-bitfield
191 silly ADD node_modules/mongodb-connection-string-url
192 silly ADD node_modules/@mongodb-js/saslprep
193 silly ADD node_modules/sift
194 silly ADD node_modules/mquery
195 silly ADD node_modules/mpath
196 silly ADD node_modules/mongodb
197 silly ADD node_modules/kareem
198 silly ADD node_modules/bson
199 silly ADD node_modules/mongoose
200 verbose cwd /Users/jeongjuhui/Downloads/ai-helper/ai-homework-helper-backend
201 verbose os Darwin 23.6.0
202 verbose node v22.18.0
203 verbose npm  v10.9.3
204 verbose exit 0
205 info ok
